Product projects
---------------------------------------
C:\Users\sandhiya.ramesh\Desktop\MVP\MVP_Backend\Relevantz.EEPZ.AutomatedCertificationSystem\Relevantz.EEPZ.Common\Relevantz.EEPZ.Common.csproj
C:\Users\sandhiya.ramesh\Desktop\MVP\MVP_Backend\Relevantz.EEPZ.AutomatedCertificationSystem\Relevantz.EEPZ.Data\Relevantz.EEPZ.Data.csproj
C:\Users\sandhiya.ramesh\Desktop\MVP\MVP_Backend\Relevantz.EEPZ.AutomatedCertificationSystem\Relevantz.EEPZ.Core\Relevantz.EEPZ.Core.csproj
C:\Users\sandhiya.ramesh\Desktop\MVP\MVP_Backend\Relevantz.EEPZ.AutomatedCertificationSystem\Relevantz.EEPZ.Api\Relevantz.EEPZ.Api.csproj


Test projects
---------------------------------------
C:\Users\sandhiya.ramesh\Desktop\MVP\MVP_Backend\Relevantz.EEPZ.AutomatedCertificationSystem\Relevantz.EEPZ.Data.Tests\Relevantz.EEPZ.Data.Tests.csproj
C:\Users\sandhiya.ramesh\Desktop\MVP\MVP_Backend\Relevantz.EEPZ.AutomatedCertificationSystem\Relevantz.EEPZ.Core.Tests\Relevantz.EEPZ.Core.Tests.csproj
C:\Users\sandhiya.ramesh\Desktop\MVP\MVP_Backend\Relevantz.EEPZ.AutomatedCertificationSystem\Relevantz.EEPZ.Api.Tests\Relevantz.EEPZ.Api.Tests.csproj


Invalid projects
---------------------------------------
{none}


Skipped projects
---------------------------------------
{none}


Excluded projects
---------------------------------------
{none}


